/*---------------------------------------------------------------------------------------------
 *  Copyright (c) Microsoft Corporation and GitHub. All rights reserved.
 *--------------------------------------------------------------------------------------------*/
/* eslint no-duplicate-case: "error" */
export enum Character {
	Hamlet,
	Ophelia,
	Polonius,
	Fortinbras,
	Rosencrantz,
	Guildenstern,
}
export function sillyQuote(c: Character) {
	switch (c) {
		case Character.Hamlet:
			return "There is nothing either good or bad, but thinking makes it so.";
		case Character.Ophelia:
			return "Lord, we know what we are, but know not what we may be.";
		case Character.Polonius:
			return "To thine own self be true, and it must follow, as the night the day, thou canst not then be false to any one.";
		case Character.Fortinbras:
			return "Rightly to be great is not to stir without great argument, but greatly to find quarrel in a straw when honor's at the stake.";
		case Character.Guildenstern:
			return "We are oft to blame in this, 'tis too much proved, that with devotion's visage and pious action we do sugar o'er the devil himself.";
		case Character.Rosencrantz:
			return "Though this be madness, yet there is method in't.";
		default:
			return "none available";
	}
}